[www.budgetvanlines.com/index.html]
[backblue.gif]
[fade.gif]
[index.html]
[www.google-analytics.com/analytics.js]
[www.budgetvanlines.com/v2/css/layout.min.css]
[www.budgetvanlines.com/v2/img/BVL-logo-icon.svg]
[www.budgetvanlines.com/v2/img/header/bvl_logo_with_slogan.svg]
[www.budgetvanlines.com/v2/img/header/Hamburger-Menu-icon.svg]
[www.budgetvanlines.com/v2/img/header/zip-helper-icon-blue.png]
[www.budgetvanlines.com/v2/img/homepage/menu-close.svg]
[www.budgetvanlines.com/v2/img/homepage/mobile-phone-icon.svg]
[www.budgetvanlines.com/customer-feedback.html]
[www.budgetvanlines.com/pricing.html]
[www.budgetvanlines.com/carriers.html]
[www.budgetvanlines.com/contact-us.html]
[www.budgetvanlines.com/household-moves.html]
[www.budgetvanlines.com/corporate-relocation.html]
[www.budgetvanlines.com/your-rights.html]
[www.budgetvanlines.com/cancellation-policy.html]
[www.budgetvanlines.com/moving-101.html]
[www.budgetvanlines.com/preparing-for-your-move.html]
[www.budgetvanlines.com/self-service-vs-full-service.html]
[www.budgetvanlines.com/packing-the-right-way.html]
[www.budgetvanlines.com/how-it-works.html]
[www.budgetvanlines.com/about-us.html]
[www.budgetvanlines.com/careers.html]
[www.budgetvanlines.com/terms-of-use.html]
[www.budgetvanlines.com/privacy-policy.html]
[www.budgetvanlines.com/v2/img/homepage/Shopper-Approved-logo.png]
[www.budgetvanlines.com/v2/img/homepage/About-Us-icon.svg]
[www.budgetvanlines.com/v2/img/homepage/Customer-Feedback-icon.svg]
[www.budgetvanlines.com/v2/img/homepage/Our-Mission-icon.svg]
[static0.sitejabber.com/js/widget.min.1567800568.js]
[www.budgetvanlines.com/v2/img/footer/VeriSign-logo.png]
[www.budgetvanlines.com/v2/img/footer/BBB-A+logo.png]
[www.budgetvanlines.com/v2/img/footer/mc-logo.png]
[www.budgetvanlines.com/v2/img/footer/sitejabber-logo.png]
[www.ekomi-us.com/images/us/produkt/siegel/zerti_gold_new.png]
[www.budgetvanlines.com/Do-not-sell-ca.html]
[www.budgetvanlines.com/v2/js/layout.min.js]
[www.budgetvanlines.com/index.html]
[www.budgetvanlines.com/v2/fonts/SourceSansPro-ExtraLight.woff]
[www.budgetvanlines.com/v2/fonts/SourceSansPro-Light.woff]
[www.budgetvanlines.com/v2/fonts/SourceSansPro-Regular.woff]
[www.budgetvanlines.com/v2/fonts/SourceSansPro-Bold.woff]
[www.budgetvanlines.com/v2/fonts/SourceSansPro-Semibold.woff]
[www.budgetvanlines.com/v2/fonts/SourceSansPro-Black.woff]
[www.budgetvanlines.com/v2/img/header/phone-icon.svg]
[www.budgetvanlines.com/v2/img/homepage/hero.jpg]
[www.budgetvanlines.com/v2/img/homepage/ZIP-icon.png]
[www.budgetvanlines.com/v2/img/header/collapsed-icon.svg]
[www.budgetvanlines.com/v2/img/header/expanded-icon.svg]
[www.budgetvanlines.com/v2/img/homepage/How-it-Works.jpg]
[www.budgetvanlines.com/v2/img/homepage/Household-Moves.jpg]
[www.budgetvanlines.com/v2/img/homepage/Corporate-Relocation.jpg]
[www.budgetvanlines.com/v2/img/homepage/Moving-101.jpg]
[www.budgetvanlines.com/v2/css/layout.min.css]
[www.budgetvanlines.com/v2/img/BVL-logo-icon.svg]
[www.budgetvanlines.com/v2/img/header/bvl_logo_with_slogan.svg]
[www.budgetvanlines.com/v2/img/header/Hamburger-Menu-icon.svg]
[www.budgetvanlines.com/v2/img/homepage/menu-close.svg]
[www.budgetvanlines.com/v2/img/homepage/mobile-phone-icon.svg]
[www.budgetvanlines.com/v2/css/innerpages.min.css]
[www.google.com/recaptcha/api.js]
[www.budgetvanlines.com/v2/img/customer-feedback/customer-feedback-img.jpg]
[www.budgetvanlines.com/customer-feedback.html]
[bat.bing.com/bat.js]
[www.budgetvanlines.com/v2/js/inner-layout.min.js]
[www.budgetvanlines.com/v2/img/pricing/weight-icon.jpg]
[www.budgetvanlines.com/v2/img/pricing/distance-icon.jpg]
[www.budgetvanlines.com/v2/img/pricing/origin-destination-icon.jpg]
[www.budgetvanlines.com/v2/img/pricing/timing-icon.jpg]
[www.budgetvanlines.com/v2/img/pricing/extrasservices-icon.jpg]
[www.budgetvanlines.com/pricing.html]
[www.budgetvanlines.com/v2/img/carriers/growth-icon.svg]
[www.budgetvanlines.com/v2/img/carriers/work-icon.svg]
[www.budgetvanlines.com/v2/img/carriers/truck-icon.svg]
[www.budgetvanlines.com/v2/img/carriers/preferred-carrier-status-pic.jpg]
[www.budgetvanlines.com/img/Carrier-Application-for-Broker-Carrier-Agreement.pdf]
[www.budgetvanlines.com/img/CONSENT-TO-CREDIT-BACKGROUND-CHECK.pdf]
[www.budgetvanlines.com/carriers.html]
[www.budgetvanlines.com/v2/img/header/BVL-logo.svg]
[www.budgetvanlines.com/contact-us.html]
[www.budgetvanlines.com/v2/js/inner2-layout.min.js]
[www.budgetvanlines.com/v2/img/household-moves/household-moves-mme-pic.jpg]
[www.budgetvanlines.com/household-moves.html]
[www.budgetvanlines.com/v2/img/corporate-relocation/corporate-relocation-myo-pic.jpg]
[www.budgetvanlines.com/corporate-relocation.html]
[www.budgetvanlines.com/your-rights.html]
[www.budgetvanlines.com/cancellation-policy.html]
[www.budgetvanlines.com/v2/img/moving-101/preparing-for-move.jpg]
[www.budgetvanlines.com/v2/img/moving-101/packing-the-right-way.jpg]
[www.budgetvanlines.com/v2/img/moving-101/full-vs-self.jpg]
[www.budgetvanlines.com/moving-101.html]
[www.budgetvanlines.com/preparing-for-your-move.html]
[www.budgetvanlines.com/v2/img/full-self-services/mover-isolated.png]
[www.budgetvanlines.com/self-service-vs-full-service.html]
[www.budgetvanlines.com/packing-the-right-way.html]
[www.budgetvanlines.com/v2/img/how-it-works/video-img.png]
[www.budgetvanlines.com/v2/img/how-it-works/our-mission.png]
[www.budgetvanlines.com/v2/img/how-it-works/why-bvl.png]
[www.budgetvanlines.com/how-it-works.html]
[www.budgetvanlines.com/v2/img/about-us/customer-support-rep.png]
[www.budgetvanlines.com/v2/img/about-us/how-we-work.jpg]
[www.budgetvanlines.com/about-us.html]
[www.budgetvanlines.com/999moving.html]
[www.budgetvanlines.com/v2/img/careers/About-Us-icon.svg]
[www.budgetvanlines.com/v2/img/careers/a-b-icon.svg]
[www.budgetvanlines.com/v2/img/careers/Customer-Feedback-icon.svg]
[www.budgetvanlines.com/v2/img/careers/careers-pic.jpg]
[www.budgetvanlines.com/apply/1.html]
[www.budgetvanlines.com/apply/2.html]
[www.budgetvanlines.com/apply/3.html]
[www.budgetvanlines.com/careers.html]
[www.budgetvanlines.com/terms-of-use.html]
[www.budgetvanlines.com/apply/4.html]
[www.budgetvanlines.com/right-to-know-ca.html]
[www.budgetvanlines.com/privacy-policy.html]
[www.budgetvanlines.com/v2/img/homepage/About-Us-icon.svg]
[www.budgetvanlines.com/v2/img/homepage/Customer-Feedback-icon.svg]
[www.budgetvanlines.com/v2/img/homepage/Our-Mission-icon.svg]
[www.budgetvanlines.com/delete-my-info-ca.html]
[www.budgetvanlines.com/css/ccpa.css]
[www.budgetvanlines.com/Do-not-sell-ca.html]
[www.budgetvanlines.com/v2/img/header/phone-icon.svg]
[www.budgetvanlines.com/v2/img/header/collapsed-icon.svg]
[www.budgetvanlines.com/v2/img/header/expanded-icon.svg]
[www.budgetvanlines.com/js/ccpa.js]
[www.budgetvanlines.com/v2/img/green-dot.jpg]
[www.budgetvanlines.com/v2/img/about-us/about-us-hero-img-desktop.jpg]
[www.budgetvanlines.com/v2/img/corporate-relocation/corporate-relocation-header.jpg]
[www.budgetvanlines.com/v2/img/household-moves/household-moves-header.jpg]
[www.budgetvanlines.com/v2/img/how-it-works/how-it-works-header.png]
[www.budgetvanlines.com/v2/img/careers/careers-header.png]
[www.budgetvanlines.com/v2/img/moving-101/moving-101-header.jpg]
[www.budgetvanlines.com/v2/img/full-self-services/full-self-services-header.png]
[www.budgetvanlines.com/v2/img/carriers/carriers-header.jpg]
[www.budgetvanlines.com/v2/img/packing-the-right-way/packing-the-right-way-hero-img.jpg]
[www.budgetvanlines.com/v2/img/full-self-services/red-cross.jpg]
[www.budgetvanlines.com/v2/img/full-self-services/green-tick.jpg]
[www.budgetvanlines.com/v2/img/packing-the-right-way/pack-like-professional.jpg]
[www.budgetvanlines.com/v2/img/packing-the-right-way/outside-the-box.jpg]
[www.budgetvanlines.com/v2/img/packing-the-right-way/take-time.jpg]
[www.budgetvanlines.com/v2/img/corporate-relocation/corporate-relocation-header-tab.jpg]
[www.budgetvanlines.com/v2/img/about-us/about-us-hero-img.jpg]
[www.budgetvanlines.com/v2/img/customer-feedback/customer-feedback-header.png]
[www.budgetvanlines.com/v2/img/pricing/pricing-header.png]
[www.budgetvanlines.com/v2/img/preparing-for-the-move/preparing-for-move-hero-img.png]
[www.budgetvanlines.com/v2/img/preparing-for-the-move/blue-arrow-1.png]
[www.budgetvanlines.com/v2/img/preparing-for-the-move/blue-arrow-2.png]
[www.budgetvanlines.com/v2/img/preparing-for-the-move/grey-arrow-1.png]
[www.budgetvanlines.com/v2/img/preparing-for-the-move/grey-arrow-2.png]
[www.budgetvanlines.com/v2/img/preparing-for-the-move/drop-down-need-select.jpg]
[www.budgetvanlines.com/v2/img/preparing-for-the-move/drop-down-select-default.jpg]
[www.budgetvanlines.com/v2/img/contact-us/contact-map.jpg]
[www.budgetvanlines.com/v2/img/customer-feedback/default-rating-icon.jpg]
[www.budgetvanlines.com/v2/img/customer-feedback/select-rating-icon.jpg]
[www.budgetvanlines.com/v2/img/customer-feedback/cr-select-rating-icon.jpg]
[www.budgetvanlines.com/v2/img/customer-feedback/drop-down-select-default.jpg]
[www.budgetvanlines.com/v2/img/customer-feedback/drop-down-need-select.jpg]
[www.budgetvanlines.com/v2/img/customer-feedback/prev-icon.jpg]
[www.budgetvanlines.com/v2/img/customer-feedback/next-icon.jpg]
[www.budgetvanlines.com/v2/css/innerpages.min.css]
[www.budgetvanlines.com/v2/img/carriers/growth-icon.svg]
[www.budgetvanlines.com/v2/img/carriers/work-icon.svg]
[www.budgetvanlines.com/v2/img/carriers/truck-icon.svg]
[www.budgetvanlines.com/v2/img/header/BVL-logo.svg]
[www.budgetvanlines.com/img/favicon.ico]
[connect.facebook.net/en_US/fbevents.js]
[analytics.tiktok.com/i18n/pixel/events.js]
[www.budgetvanlines.com/img/test42/header.png]
[www.budgetvanlines.com/img/test42/phone-call.png]
[www.budgetvanlines.com/img/test42/icon_sleep.svg]
[www.budgetvanlines.com/img/white-x.svg]
[www.budgetvanlines.com/img/test42/guy-on-phone.jpg]
[www.budgetvanlines.com/fonts/Raleway-ExtraBold.ttf]
[www.budgetvanlines.com/img/success-icon.svg]
[www.budgetvanlines.com/img/test42/zipfinder.png]
[www.budgetvanlines.com/img/test42/movers-3-test.png]
[www.budgetvanlines.com/img/blue-circular-arrow-icon.jpg]
[www.budgetvanlines.com/img/bvl-lock-icon.png]
[www.budgetvanlines.com/img/norton-secure-seal.png]
[www.budgetvanlines.com/img/bvl-quote-background.png]
[www.budgetvanlines.com/img/mobile43/sprite-sheet.svg]
[www.budgetvanlines.com/img/bvl-logo-highres.jpg]
[www.budgetvanlines.com/img/test42/list.png]
[www.budgetvanlines.com/img/test42/coins.png]
[www.budgetvanlines.com/img/test42/cash.png]
[www.budgetvanlines.com/img/test42/view2-box.png]
[www.budgetvanlines.com/img/test42/view2-map.png]
[www.budgetvanlines.com/img/test42/view2-cal.png]
[www.budgetvanlines.com/img/test42/view2-hands.png]
[www.budgetvanlines.com/img/test42/view2-gps.png]
[www.budgetvanlines.com/img/test42/verisign.png]
[www.budgetvanlines.com/img/test42/bbb.png]
[www.budgetvanlines.com/img/test42/lock.png]
[www.budgetvanlines.com/img/test42/info.png]
[www.budgetvanlines.com/jquery/1.10.1/jquery.min.js]
[www.budgetvanlines.com/999moving.html]
[www.budgetvanlines.com/v2/img/careers/About-Us-icon.svg]
[www.budgetvanlines.com/v2/img/careers/a-b-icon.svg]
[www.budgetvanlines.com/v2/img/careers/Customer-Feedback-icon.svg]
[www.budgetvanlines.com/js/polyfill.min.js]
[www.budgetvanlines.com/js/landing/moving-test45.all.min.js]
[www.budgetvanlines.com/v2/img/apply/apply-form-img.jpg]
[www.budgetvanlines.com/apply/1.html]
[www.budgetvanlines.com/apply/2.html]
[www.budgetvanlines.com/apply/3.html]
[www.budgetvanlines.com/apply/4.html]
[www.budgetvanlines.com/right-to-know-ca.html]
[www.budgetvanlines.com/delete-my-info-ca.html]
[www.budgetvanlines.com/css/ccpa.css]
[connect.facebook.net/en_US/fbevents.js]
[www.budgetvanlines.com/img/test42/icon_sleep.svg]
[www.budgetvanlines.com/img/white-x.svg]
[www.budgetvanlines.com/img/success-icon.svg]
[www.budgetvanlines.com/img/mobile43/sprite-sheet.svg]
[172.99.120.17_3214/socket.io/socket.io.js]
[108.166.89.16/chatjs2.js]
[www.budgetvanlines.com/v2/css/owl.video.play.html]
[www.budgetvanlines.com/images/x.html]
